------------------------------------------------------------
Timing Analyzer Summary
------------------------------------------------------------

Type  : Slow 1100mV 85C Model Setup 'Clk'
Slack : 16.566
TNS   : 0.000

Type  : Slow 1100mV 85C Model Hold 'Clk'
Slack : 0.440
TNS   : 0.000

Type  : Slow 1100mV 85C Model Minimum Pulse Width 'Clk'
Slack : 9.049
TNS   : 0.000

Type  : Slow 1100mV 0C Model Setup 'Clk'
Slack : 16.472
TNS   : 0.000

Type  : Slow 1100mV 0C Model Hold 'Clk'
Slack : 0.447
TNS   : 0.000

Type  : Slow 1100mV 0C Model Minimum Pulse Width 'Clk'
Slack : 9.036
TNS   : 0.000

Type  : Fast 1100mV 85C Model Setup 'Clk'
Slack : 18.175
TNS   : 0.000

Type  : Fast 1100mV 85C Model Hold 'Clk'
Slack : 0.200
TNS   : 0.000

Type  : Fast 1100mV 85C Model Minimum Pulse Width 'Clk'
Slack : 9.091
TNS   : 0.000

Type  : Fast 1100mV 0C Model Setup 'Clk'
Slack : 18.128
TNS   : 0.000

Type  : Fast 1100mV 0C Model Hold 'Clk'
Slack : 0.187
TNS   : 0.000

Type  : Fast 1100mV 0C Model Minimum Pulse Width 'Clk'
Slack : 9.097
TNS   : 0.000

------------------------------------------------------------
