--------------------------------------------------------------------------------
Release 14.7 Trace  (nt64)
Copyright (c) 1995-2013 Xilinx, Inc.  All rights reserved.

C:\Xilinx\14.7\ISE_DS\ISE\bin\nt64\unwrapped\trce.exe -intstyle ise -v 3 -s 2
-n 3 -fastpaths -xml FPGA_MM2.twx FPGA_MM2.ncd -o FPGA_MM2.twr FPGA_MM2.pcf

Design file:              FPGA_MM2.ncd
Physical constraint file: FPGA_MM2.pcf
Device,package,speed:     xc6slx9,tqg144,C,-2 (PRODUCTION 1.23 2013-10-13)
Report level:             verbose report

Environment Variable      Effect 
--------------------      ------ 
NONE                      No environment variables were set
--------------------------------------------------------------------------------

INFO:Timing:2698 - No timing constraints found, doing default enumeration.
INFO:Timing:3412 - To improve timing, see the Timing Closure User Guide (UG612).
INFO:Timing:2752 - To get complete path coverage, use the unconstrained paths 
   option. All paths that are not constrained will be reported in the 
   unconstrained paths section(s) of the report.
INFO:Timing:3339 - The clock-to-out numbers in this timing report are based on 
   a 50 Ohm transmission line loading model.  For the details of this model, 
   and for more information on accounting for different loading conditions, 
   please see the device datasheet.



Data Sheet report:
-----------------
All values displayed in nanoseconds (ns)

Setup/Hold to clock button
------------+------------+------------+------------+------------+------------------+--------+
            |Max Setup to|  Process   |Max Hold to |  Process   |                  | Clock  |
Source      | clk (edge) |   Corner   | clk (edge) |   Corner   |Internal Clock(s) | Phase  |
------------+------------+------------+------------+------------+------------------+--------+
switch0     |   -1.420(R)|      FAST  |    4.588(R)|      SLOW  |button_BUFGP      |   0.000|
------------+------------+------------+------------+------------+------------------+--------+

Clock button to Pad
------------+-----------------+------------+-----------------+------------+------------------+--------+
            |Max (slowest) clk|  Process   |Min (fastest) clk|  Process   |                  | Clock  |
Destination |  (edge) to PAD  |   Corner   |  (edge) to PAD  |   Corner   |Internal Clock(s) | Phase  |
------------+-----------------+------------+-----------------+------------+------------------+--------+
led0        |        12.932(R)|      SLOW  |         5.966(R)|      FAST  |button_BUFGP      |   0.000|
led1        |        13.524(R)|      SLOW  |         6.362(R)|      FAST  |button_BUFGP      |   0.000|
led2        |        13.473(R)|      SLOW  |         6.311(R)|      FAST  |button_BUFGP      |   0.000|
led3        |        13.679(R)|      SLOW  |         6.441(R)|      FAST  |button_BUFGP      |   0.000|
led4        |        13.994(R)|      SLOW  |         6.756(R)|      FAST  |button_BUFGP      |   0.000|
led5        |        13.655(R)|      SLOW  |         6.437(R)|      FAST  |button_BUFGP      |   0.000|
led6        |        13.605(R)|      SLOW  |         6.387(R)|      FAST  |button_BUFGP      |   0.000|
led7        |        13.598(R)|      SLOW  |         6.380(R)|      FAST  |button_BUFGP      |   0.000|
------------+-----------------+------------+-----------------+------------+------------------+--------+

Clock to Setup on destination clock button
---------------+---------+---------+---------+---------+
               | Src:Rise| Src:Fall| Src:Rise| Src:Fall|
Source Clock   |Dest:Rise|Dest:Rise|Dest:Fall|Dest:Fall|
---------------+---------+---------+---------+---------+
button         |    1.575|         |         |         |
---------------+---------+---------+---------+---------+


Analysis completed Mon Feb 24 16:08:30 2020 
--------------------------------------------------------------------------------

Trace Settings:
-------------------------
Trace Settings 

Peak Memory Usage: 4548 MB



