------------------------------------------------------------
Timing Analyzer Summary
------------------------------------------------------------

Type  : Slow 1100mV 85C Model Setup 'Clock'
Slack : 17.563
TNS   : 0.000

Type  : Slow 1100mV 85C Model Hold 'Clock'
Slack : 1.265
TNS   : 0.000

Type  : Slow 1100mV 85C Model Minimum Pulse Width 'Clock'
Slack : 9.110
TNS   : 0.000

Type  : Slow 1100mV 0C Model Setup 'Clock'
Slack : 17.491
TNS   : 0.000

Type  : Slow 1100mV 0C Model Hold 'Clock'
Slack : 1.278
TNS   : 0.000

Type  : Slow 1100mV 0C Model Minimum Pulse Width 'Clock'
Slack : 9.085
TNS   : 0.000

Type  : Fast 1100mV 85C Model Setup 'Clock'
Slack : 18.705
TNS   : 0.000

Type  : Fast 1100mV 85C Model Hold 'Clock'
Slack : 0.537
TNS   : 0.000

Type  : Fast 1100mV 85C Model Minimum Pulse Width 'Clock'
Slack : 9.109
TNS   : 0.000

Type  : Fast 1100mV 0C Model Setup 'Clock'
Slack : 18.743
TNS   : 0.000

Type  : Fast 1100mV 0C Model Hold 'Clock'
Slack : 0.498
TNS   : 0.000

Type  : Fast 1100mV 0C Model Minimum Pulse Width 'Clock'
Slack : 9.106
TNS   : 0.000

------------------------------------------------------------
