------------------------------------------------------------
Timing Analyzer Summary
------------------------------------------------------------

Type  : Slow 1100mV 85C Model Setup 'Clock'
Slack : 16.961
TNS   : 0.000

Type  : Slow 1100mV 85C Model Hold 'Clock'
Slack : 1.732
TNS   : 0.000

Type  : Slow 1100mV 85C Model Minimum Pulse Width 'Clock'
Slack : 9.113
TNS   : 0.000

Type  : Slow 1100mV 0C Model Setup 'Clock'
Slack : 17.049
TNS   : 0.000

Type  : Slow 1100mV 0C Model Hold 'Clock'
Slack : 1.698
TNS   : 0.000

Type  : Slow 1100mV 0C Model Minimum Pulse Width 'Clock'
Slack : 9.088
TNS   : 0.000

Type  : Fast 1100mV 85C Model Setup 'Clock'
Slack : 18.179
TNS   : 0.000

Type  : Fast 1100mV 85C Model Hold 'Clock'
Slack : 0.909
TNS   : 0.000

Type  : Fast 1100mV 85C Model Minimum Pulse Width 'Clock'
Slack : 9.109
TNS   : 0.000

Type  : Fast 1100mV 0C Model Setup 'Clock'
Slack : 18.328
TNS   : 0.000

Type  : Fast 1100mV 0C Model Hold 'Clock'
Slack : 0.817
TNS   : 0.000

Type  : Fast 1100mV 0C Model Minimum Pulse Width 'Clock'
Slack : 9.107
TNS   : 0.000

------------------------------------------------------------
